Archive member included to satisfy reference by file (symbol)

C:\Users\arek1\Documents\LPCXpresso_8.2.2_650\wp_1114_8x\CMSISv2p00_LPC11xx\Debug\libCMSISv2p00_LPC11xx.a(system_LPC11xx.o)
                              ./Source/cr_startup_lpc11.o (SystemInit)
c:/nxp/lpcxpresso_8.2.2_650/lpcxpresso/tools/bin/../lib/gcc/arm-none-eabi/5.4.1/../../../../arm-none-eabi/lib/armv6-m\libcr_c.a(memcpy.o)
                              ./Source/FreeRTOS_Source/queue.o (memcpy)
c:/nxp/lpcxpresso_8.2.2_650/lpcxpresso/tools/bin/../lib/gcc/arm-none-eabi/5.4.1/../../../../arm-none-eabi/lib/armv6-m\libcr_c.a(memset.o)
                              ./Source/FreeRTOS_Source/tasks.o (memset)
c:/nxp/lpcxpresso_8.2.2_650/lpcxpresso/tools/bin/../lib/gcc/arm-none-eabi/5.4.1/../../../../arm-none-eabi/lib/armv6-m\libcr_c.a(__weak__main.o)
                              ./Source/cr_startup_lpc11.o (__main)
c:/nxp/lpcxpresso_8.2.2_650/lpcxpresso/tools/bin/../lib/gcc/arm-none-eabi/5.4.1/../../../../arm-none-eabi/lib/armv6-m\libcr_c.a(memcmp.o)
                              ./Source/main.o (memcmp)
c:/nxp/lpcxpresso_8.2.2_650/lpcxpresso/tools/bin/../lib/gcc/arm-none-eabi/5.4.1/armv6-m\libcr_eabihelpers.a(division_32.o)
                              ./Source/FreeRTOS_Source/portable/GCC/ARM_CM0/port.o (__aeabi_uidiv)
c:/nxp/lpcxpresso_8.2.2_650/lpcxpresso/tools/bin/../lib/gcc/arm-none-eabi/5.4.1/armv6-m\libcr_eabihelpers.a(division_idiv0.o)
                              c:/nxp/lpcxpresso_8.2.2_650/lpcxpresso/tools/bin/../lib/gcc/arm-none-eabi/5.4.1/armv6-m\libcr_eabihelpers.a(division_32.o) (__aeabi_idiv0)
c:/nxp/lpcxpresso_8.2.2_650/lpcxpresso/tools/bin/../lib/gcc/arm-none-eabi/5.4.1/armv6-m\libcr_eabihelpers.a(memcpy.o)
                              c:/nxp/lpcxpresso_8.2.2_650/lpcxpresso/tools/bin/../lib/gcc/arm-none-eabi/5.4.1/../../../../arm-none-eabi/lib/armv6-m\libcr_c.a(memcpy.o) (__aeabi_memcpy)

Allocating common symbols
Common symbol       size              file

xQueueRegistry      0x40              ./Source/FreeRTOS_Source/queue.o
xHighPriorityNormallyEmptyTask2
                    0x4               ./Source/Common_Demo_Tasks/IntQueue.o
xHighPriorityNormallyFullTask1
                    0x4               ./Source/Common_Demo_Tasks/IntQueue.o
xHighPriorityNormallyEmptyTask1
                    0x4               ./Source/Common_Demo_Tasks/IntQueue.o
xHighPriorityNormallyFullTask2
                    0x4               ./Source/Common_Demo_Tasks/IntQueue.o

Discarded input sections

 .group         0x00000000        0x8 ./Source/FreeRTOS_Source/portable/MemMang/heap_1.o
 .group         0x00000000        0x8 ./Source/FreeRTOS_Source/portable/MemMang/heap_1.o
 .group         0x00000000        0x8 ./Source/FreeRTOS_Source/portable/MemMang/heap_1.o
 .group         0x00000000        0x8 ./Source/FreeRTOS_Source/portable/MemMang/heap_1.o
 .group         0x00000000        0x8 ./Source/FreeRTOS_Source/portable/MemMang/heap_1.o
 .group         0x00000000        0x8 ./Source/FreeRTOS_Source/portable/MemMang/heap_1.o
 .group         0x00000000        0x8 ./Source/FreeRTOS_Source/portable/MemMang/heap_1.o
 .group         0x00000000        0x8 ./Source/FreeRTOS_Source/portable/MemMang/heap_1.o
 .group         0x00000000        0x8 ./Source/FreeRTOS_Source/portable/MemMang/heap_1.o
 .group         0x00000000        0x8 ./Source/FreeRTOS_Source/portable/MemMang/heap_1.o
 .group         0x00000000        0x8 ./Source/FreeRTOS_Source/portable/MemMang/heap_1.o
 .group         0x00000000        0x8 ./Source/FreeRTOS_Source/portable/MemMang/heap_1.o
 .group         0x00000000        0x8 ./Source/FreeRTOS_Source/portable/MemMang/heap_1.o
 .text          0x00000000        0x0 ./Source/FreeRTOS_Source/portable/MemMang/heap_1.o
 .data          0x00000000        0x0 ./Source/FreeRTOS_Source/portable/MemMang/heap_1.o
 .bss           0x00000000        0x0 ./Source/FreeRTOS_Source/portable/MemMang/heap_1.o
 .text.vPortInitialiseBlocks
                0x00000000       0x14 ./Source/FreeRTOS_Source/portable/MemMang/heap_1.o
 .text.xPortGetFreeHeapSize
                0x00000000       0x1c ./Source/FreeRTOS_Source/portable/MemMang/heap_1.o
 .group         0x00000000        0x8 ./Source/FreeRTOS_Source/portable/GCC/ARM_CM0/port.o
 .group         0x00000000        0x8 ./Source/FreeRTOS_Source/portable/GCC/ARM_CM0/port.o
 .group         0x00000000        0x8 ./Source/FreeRTOS_Source/portable/GCC/ARM_CM0/port.o
 .group         0x00000000        0x8 ./Source/FreeRTOS_Source/portable/GCC/ARM_CM0/port.o
 .group         0x00000000        0x8 ./Source/FreeRTOS_Source/portable/GCC/ARM_CM0/port.o
 .group         0x00000000        0x8 ./Source/FreeRTOS_Source/portable/GCC/ARM_CM0/port.o
 .group         0x00000000        0x8 ./Source/FreeRTOS_Source/portable/GCC/ARM_CM0/port.o
 .group         0x00000000        0x8 ./Source/FreeRTOS_Source/portable/GCC/ARM_CM0/port.o
 .group         0x00000000        0x8 ./Source/FreeRTOS_Source/portable/GCC/ARM_CM0/port.o
[...]
Memory Configuration

Name             Origin             Length             Attributes
MFlash32         0x00000000         0x00008000         xr
RamLoc8          0x10000000         0x00002000         xrw
*default*        0x00000000         0xffffffff

Linker script and memory map

LOAD ./Source/FreeRTOS_Source/portable/MemMang/heap_1.o
LOAD ./Source/FreeRTOS_Source/portable/GCC/ARM_CM0/port.o
LOAD ./Source/FreeRTOS_Source/list.o
LOAD ./Source/FreeRTOS_Source/queue.o
LOAD ./Source/FreeRTOS_Source/tasks.o
LOAD ./Source/FreeRTOS_Source/timers.o
LOAD ./Source/Common_Demo_Tasks/IntQueue.o
LOAD ./Source/Common_Demo_Tasks/blocktim.o
LOAD ./Source/Common_Demo_Tasks/countsem.o
LOAD ./Source/Common_Demo_Tasks/recmutex.o
LOAD ./Source/IntQueueTimer.o
LOAD ./Source/RegTest.o
LOAD ./Source/cr_startup_lpc11.o
LOAD ./Source/main-blinky.o
LOAD ./Source/main-full.o
LOAD ./Source/main.o
LOAD C:\Users\arek1\Documents\LPCXpresso_8.2.2_650\wp_1114_8x\CMSISv2p00_LPC11xx\Debug\libCMSISv2p00_LPC11xx.a
START GROUP
LOAD c:/nxp/lpcxpresso_8.2.2_650/lpcxpresso/tools/bin/../lib/gcc/arm-none-eabi/5.4.1/../../../../arm-none-eabi/lib/armv6-m\libcr_c.a
LOAD c:/nxp/lpcxpresso_8.2.2_650/lpcxpresso/tools/bin/../lib/gcc/arm-none-eabi/5.4.1/armv6-m\libcr_eabihelpers.a
END GROUP
                0x00000000                __base_MFlash32 = 0x0
                0x00000000                __base_Flash = 0x0
                0x00008000                __top_MFlash32 = 0x8000
                0x00008000                __top_Flash = 0x8000
                0x10000000                __base_RamLoc8 = 0x10000000
                0x10000000                __base_RAM = 0x10000000
                0x10002000                __top_RamLoc8 = 0x10002000
                0x10002000                __top_RAM = 0x10002000

.text           0x00000000     0x4500
 FILL mask 0xff
                0x00000000                __vectors_start__ = ABSOLUTE (.)
 *(.isr_vector)
 .isr_vector    0x00000000       0xc0 ./Source/cr_startup_lpc11.o
                0x00000000                g_pfnVectors
                0x000000c0                . = ALIGN (0x4)
                0x000000c0                __section_table_start = .
                0x000000c0                __data_section_table = .
                0x000000c0        0x4 LONG 0x4500 LOADADDR (.data)
                0x000000c4        0x4 LONG 0x10000000 ADDR (.data)
                0x000000c8        0x4 LONG 0xc SIZEOF (.data)
                0x000000cc                __data_section_table_end = .
                0x000000cc                __bss_section_table = .
                0x000000cc        0x4 LONG 0x1000000c ADDR (.bss)
                0x000000d0        0x4 LONG 0x1d50 SIZEOF (.bss)
                0x000000d4                __bss_section_table_end = .
                0x000000d4                __section_table_end = .
 *(.after_vectors*)
 .after_vectors
                0x000000d4       0x8c ./Source/cr_startup_lpc11.o
                0x000000d4                NMI_Handler
                0x000000d6                HardFault_Handler
                0x000000fc                UART_IRQHandler
                0x000000fc                TIMER32_0_IRQHandler
                0x000000fc                WDT_IRQHandler
                0x000000fc                TIMER32_1_IRQHandler
                0x000000fc                IntDefaultHandler
                0x000000fc                PIOINT1_IRQHandler
                0x000000fc                CAN_IRQHandler
                0x000000fc                SSP0_IRQHandler
                0x000000fc                PIOINT3_IRQHandler
                0x000000fc                ADC_IRQHandler
                0x000000fc                SSP1_IRQHandler
                0x000000fc                PIOINT2_IRQHandler
                0x000000fc                BOD_IRQHandler
                0x000000fc                WAKEUP_IRQHandler
                0x000000fc                PIOINT0_IRQHandler
                0x000000fc                I2C_IRQHandler
                0x000000fe                data_init
                0x00000110                bss_init
                0x00000120                ResetISR
 *(.text*)
 .text.pvPortMalloc
                0x00000160       0x94 ./Source/FreeRTOS_Source/portable/MemMang/heap_1.o
                0x00000160                pvPortMalloc
 .text.vPortFree
                0x000001f4       0x1c ./Source/FreeRTOS_Source/portable/MemMang/heap_1.o
                0x000001f4                vPortFree
 .text.pxPortInitialiseStack
                0x00000210       0x54 ./Source/FreeRTOS_Source/portable/GCC/ARM_CM0/port.o
                0x00000210                pxPortInitialiseStack
 .text.prvTaskExitError
                0x00000264       0x18 ./Source/FreeRTOS_Source/portable/GCC/ARM_CM0/port.o
 .text.SVCall_Handler
                0x0000027c        0xc ./Source/FreeRTOS_Source/portable/GCC/ARM_CM0/port.o
                0x0000027c                SVCall_Handler
 .text.vPortStartFirstTask
                0x00000288       0x24 ./Source/FreeRTOS_Source/portable/GCC/ARM_CM0/port.o
 .text.xPortStartScheduler
                0x000002ac       0x44 ./Source/FreeRTOS_Source/portable/GCC/ARM_CM0/port.o
                0x000002ac                xPortStartScheduler
 .text.vPortYield
                0x000002f0       0x20 ./Source/FreeRTOS_Source/portable/GCC/ARM_CM0/port.o
                0x000002f0                vPortYield
 .text.vPortEnterCritical
                0x00000310       0x24 ./Source/FreeRTOS_Source/portable/GCC/ARM_CM0/port.o
                0x00000310                vPortEnterCritical
 .text.vPortExitCritical
                0x00000334       0x30 ./Source/FreeRTOS_Source/portable/GCC/ARM_CM0/port.o
                0x00000334                vPortExitCritical
 .text.ulSetInterruptMaskFromISR
                0x00000364        0xc ./Source/FreeRTOS_Source/portable/GCC/ARM_CM0/port.o
                0x00000364                ulSetInterruptMaskFromISR
 .text.vClearInterruptMaskFromISR
                0x00000370        0x8 ./Source/FreeRTOS_Source/portable/GCC/ARM_CM0/port.o
                0x00000370                vClearInterruptMaskFromISR
 .text.PendSV_Handler
                0x00000378       0x48 ./Source/FreeRTOS_Source/portable/GCC/ARM_CM0/port.o
                0x00000378                PendSV_Handler
 .text.SysTick_Handler
                0x000003c0       0x34 ./Source/FreeRTOS_Source/portable/GCC/ARM_CM0/port.o
                0x000003c0                SysTick_Handler
 .text.prvSetupTimerInterrupt
                0x000003f4       0x34 ./Source/FreeRTOS_Source/portable/GCC/ARM_CM0/port.o
 .text.vListInitialise
                0x00000428       0x3c ./Source/FreeRTOS_Source/list.o
                0x00000428                vListInitialise
 .text.vListInitialiseItem
                0x00000464       0x18 ./Source/FreeRTOS_Source/list.o
                0x00000464                vListInitialiseItem
 .text.vListInsertEnd
                0x0000047c       0x44 ./Source/FreeRTOS_Source/list.o
                0x0000047c                vListInsertEnd
 .text.vListInsert
                0x000004c0       0x6c ./Source/FreeRTOS_Source/list.o
                0x000004c0                vListInsert
 .text.uxListRemove
                0x0000052c       0x50 ./Source/FreeRTOS_Source/list.o
                0x0000052c                uxListRemove
 .text.xQueueGenericReset
                0x0000057c       0xac ./Source/FreeRTOS_Source/queue.o
                0x0000057c                xQueueGenericReset
 .text.xQueueGenericCreate
                0x00000628       0x98 ./Source/FreeRTOS_Source/queue.o
                0x00000628                xQueueGenericCreate
 .text.xQueueCreateMutex
                0x000006c0       0x8c ./Source/FreeRTOS_Source/queue.o
                0x000006c0                xQueueCreateMutex
 .text.xQueueGiveMutexRecursive
                0x0000074c       0x58 ./Source/FreeRTOS_Source/queue.o
                0x0000074c                xQueueGiveMutexRecursive
 .text.xQueueTakeMutexRecursive
                0x000007a4       0x60 ./Source/FreeRTOS_Source/queue.o
                0x000007a4                xQueueTakeMutexRecursive
 .text.xQueueCreateCountingSemaphore
                0x00000804       0x50 ./Source/FreeRTOS_Source/queue.o
                0x00000804                xQueueCreateCountingSemaphore
 .text.xQueueGenericSend
                0x00000854      0x180 ./Source/FreeRTOS_Source/queue.o
                0x00000854                xQueueGenericSend
 .text.xQueueGenericSendFromISR
                0x000009d4       0xcc ./Source/FreeRTOS_Source/queue.o
                0x000009d4                xQueueGenericSendFromISR
 .text.xQueueGenericReceive
                0x00000aa0      0x1b0 ./Source/FreeRTOS_Source/queue.o
                0x00000aa0                xQueueGenericReceive
 .text.xQueueReceiveFromISR
                0x00000c50       0xb0 ./Source/FreeRTOS_Source/queue.o
                0x00000c50                xQueueReceiveFromISR
 .text.prvCopyDataToQueue
                0x00000d00       0xd8 ./Source/FreeRTOS_Source/queue.o
 .text.prvCopyDataFromQueue
                0x00000dd8       0x4c ./Source/FreeRTOS_Source/queue.o
 .text.prvUnlockQueue
                0x00000e24       0x94 ./Source/FreeRTOS_Source/queue.o
 .text.prvIsQueueEmpty
                0x00000eb8       0x2c ./Source/FreeRTOS_Source/queue.o
 .text.prvIsQueueFull
                0x00000ee4       0x30 ./Source/FreeRTOS_Source/queue.o
 .text.xQueueIsQueueFullFromISR
                0x00000f14       0x34 ./Source/FreeRTOS_Source/queue.o
                0x00000f14                xQueueIsQueueFullFromISR
 .text.vQueueAddToRegistry
                0x00000f48       0x50 ./Source/FreeRTOS_Source/queue.o
                0x00000f48                vQueueAddToRegistry
 .text.vQueueWaitForMessageRestricted
                0x00000f98       0x5c ./Source/FreeRTOS_Source/queue.o
                0x00000f98                vQueueWaitForMessageRestricted
 .text.xTaskGenericCreate
                0x00000ff4      0x174 ./Source/FreeRTOS_Source/tasks.o
                0x00000ff4                xTaskGenericCreate
 .text.vTaskDelay
                0x00001168       0x68 ./Source/FreeRTOS_Source/tasks.o
                0x00001168                vTaskDelay
 .text.eTaskGetState
                0x000011d0       0xb8 ./Source/FreeRTOS_Source/tasks.o
                0x000011d0                eTaskGetState
 .text.uxTaskPriorityGet
                0x00001288       0x34 ./Source/FreeRTOS_Source/tasks.o
                0x00001288                uxTaskPriorityGet
 .text.vTaskPrioritySet
                0x000012bc      0x124 ./Source/FreeRTOS_Source/tasks.o
                0x000012bc                vTaskPrioritySet
 .text.vTaskSuspend
                0x000013e0       0xb8 ./Source/FreeRTOS_Source/tasks.o
                0x000013e0                vTaskSuspend
 .text.prvTaskIsTaskSuspended
                0x00001498       0x60 ./Source/FreeRTOS_Source/tasks.o
 .text.vTaskResume
                0x000014f8       0x9c ./Source/FreeRTOS_Source/tasks.o
                0x000014f8                vTaskResume
 .text.vTaskStartScheduler
                0x00001594       0x7c ./Source/FreeRTOS_Source/tasks.o
                0x00001594                vTaskStartScheduler
 .text.vTaskSuspendAll
                0x00001610       0x18 ./Source/FreeRTOS_Source/tasks.o
                0x00001610                vTaskSuspendAll
 .text.xTaskResumeAll
                0x00001628      0x108 ./Source/FreeRTOS_Source/tasks.o
                0x00001628                xTaskResumeAll
 .text.xTaskGetTickCount
                0x00001730       0x1c ./Source/FreeRTOS_Source/tasks.o
                0x00001730                xTaskGetTickCount
 .text.xTaskIncrementTick
                0x0000174c      0x17c ./Source/FreeRTOS_Source/tasks.o
                0x0000174c                xTaskIncrementTick
 .text.vTaskSwitchContext
                0x000018c8       0xf0 ./Source/FreeRTOS_Source/tasks.o
                0x000018c8                vTaskSwitchContext
 .text.vTaskPlaceOnEventList
                0x000019b8       0x70 ./Source/FreeRTOS_Source/tasks.o
                0x000019b8                vTaskPlaceOnEventList
 .text.vTaskPlaceOnEventListRestricted
                0x00001a28       0x74 ./Source/FreeRTOS_Source/tasks.o
                0x00001a28                vTaskPlaceOnEventListRestricted
 .text.xTaskRemoveFromEventList
                0x00001a9c       0xb8 ./Source/FreeRTOS_Source/tasks.o
                0x00001a9c                xTaskRemoveFromEventList
 .text.vTaskSetTimeOutState
                0x00001b54       0x34 ./Source/FreeRTOS_Source/tasks.o
                0x00001b54                vTaskSetTimeOutState
 .text.xTaskCheckForTimeOut
                0x00001b88       0x9c ./Source/FreeRTOS_Source/tasks.o
                0x00001b88                xTaskCheckForTimeOut
 .text.vTaskMissedYield
                0x00001c24       0x14 ./Source/FreeRTOS_Source/tasks.o
                0x00001c24                vTaskMissedYield
 .text.prvIdleTask
                0x00001c38       0x20 ./Source/FreeRTOS_Source/tasks.o
 .text.prvInitialiseTCBVariables
                0x00001c58       0xac ./Source/FreeRTOS_Source/tasks.o
 .text.prvInitialiseTaskLists
                0x00001d04       0x88 ./Source/FreeRTOS_Source/tasks.o
 .text.prvCheckTasksWaitingTermination
                0x00001d8c       0x74 ./Source/FreeRTOS_Source/tasks.o
 .text.prvAddCurrentTaskToDelayedList
                0x00001e00       0x6c ./Source/FreeRTOS_Source/tasks.o
 .text.prvAllocateTCBAndStack
                0x00001e6c       0x78 ./Source/FreeRTOS_Source/tasks.o
 .text.prvDeleteTCB
                0x00001ee4       0x24 ./Source/FreeRTOS_Source/tasks.o
 .text.prvResetNextTaskUnblockTime
                0x00001f08       0x48 ./Source/FreeRTOS_Source/tasks.o
 .text.xTaskGetCurrentTaskHandle
                0x00001f50       0x1c ./Source/FreeRTOS_Source/tasks.o
                0x00001f50                xTaskGetCurrentTaskHandle
 .text.xTaskGetSchedulerState
                0x00001f6c       0x38 ./Source/FreeRTOS_Source/tasks.o
                0x00001f6c                xTaskGetSchedulerState
 .text.vTaskPriorityInherit
                0x00001fa4       0xbc ./Source/FreeRTOS_Source/tasks.o
                0x00001fa4                vTaskPriorityInherit
 .text.xTaskPriorityDisinherit
                0x00002060       0xb8 ./Source/FreeRTOS_Source/tasks.o
                0x00002060                xTaskPriorityDisinherit
 .text.pvTaskIncrementMutexHeldCount
                0x00002118       0x24 ./Source/FreeRTOS_Source/tasks.o
                0x00002118                pvTaskIncrementMutexHeldCount
 .text.xTimerCreateTimerTask
                0x0000213c       0x58 ./Source/FreeRTOS_Source/timers.o
                0x0000213c                xTimerCreateTimerTask
 .text.xTimerCreate
                0x00002194       0x6c ./Source/FreeRTOS_Source/timers.o
                0x00002194                xTimerCreate
 .text.xTimerGenericCommand
                0x00002200       0x9c ./Source/FreeRTOS_Source/timers.o
                0x00002200                xTimerGenericCommand
 .text.prvProcessExpiredTimer
                0x0000229c       0x74 ./Source/FreeRTOS_Source/timers.o
 .text.prvTimerTask
                0x00002310       0x28 ./Source/FreeRTOS_Source/timers.o
 .text.prvProcessTimerOrBlockTask
                0x00002338       0x8c ./Source/FreeRTOS_Source/timers.o
 .text.prvGetNextExpireTime
                0x000023c4       0x40 ./Source/FreeRTOS_Source/timers.o
 .text.prvSampleTimeNow
                0x00002404       0x40 ./Source/FreeRTOS_Source/timers.o
 .text.prvInsertTimerInActiveList
                0x00002444       0x84 ./Source/FreeRTOS_Source/timers.o
 .text.prvProcessReceivedCommands
                0x000024c8      0x100 ./Source/FreeRTOS_Source/timers.o
 .text.prvSwitchTimerLists
                0x000025c8       0xb4 ./Source/FreeRTOS_Source/timers.o
 .text.prvCheckForValidListAndQueue
                0x0000267c       0x80 ./Source/FreeRTOS_Source/timers.o
 .text.vStartInterruptQueueTasks
                0x000026fc      0x13c ./Source/Common_Demo_Tasks/IntQueue.o
                0x000026fc                vStartInterruptQueueTasks
 .text.prvRecordValue_NormallyFull
                0x00002838       0x40 ./Source/Common_Demo_Tasks/IntQueue.o
 .text.prvRecordValue_NormallyEmpty
                0x00002878       0x40 ./Source/Common_Demo_Tasks/IntQueue.o
 .text.prvQueueAccessLogError
                0x000028b8       0x24 ./Source/Common_Demo_Tasks/IntQueue.o
 .text.prvHigherPriorityNormallyEmptyTask
                0x000028dc      0x16c ./Source/Common_Demo_Tasks/IntQueue.o
 .text.prvLowerPriorityNormallyEmptyTask
                0x00002a48       0xb4 ./Source/Common_Demo_Tasks/IntQueue.o
 .text.prv1stHigherPriorityNormallyFullTask
                0x00002afc      0x148 ./Source/Common_Demo_Tasks/IntQueue.o
 .text.prv2ndHigherPriorityNormallyFullTask
                0x00002c44       0x9c ./Source/Common_Demo_Tasks/IntQueue.o
 .text.prvLowerPriorityNormallyFullTask
                0x00002ce0       0xa4 ./Source/Common_Demo_Tasks/IntQueue.o
 .text.xFirstTimerHandler
                0x00002d84      0x178 ./Source/Common_Demo_Tasks/IntQueue.o
                0x00002d84                xFirstTimerHandler
 .text.xSecondTimerHandler
                0x00002efc      0x224 ./Source/Common_Demo_Tasks/IntQueue.o
                0x00002efc                xSecondTimerHandler
 .text.xAreIntQueueTasksStillRunning
                0x00003120       0xb4 ./Source/Common_Demo_Tasks/IntQueue.o
                0x00003120                xAreIntQueueTasksStillRunning
 .text.vCreateBlockTimeTasks
                0x000031d4       0x80 ./Source/Common_Demo_Tasks/blocktim.o
                0x000031d4                vCreateBlockTimeTasks
 .text.vPrimaryBlockTimeTestTask
                0x00003254      0x2d8 ./Source/Common_Demo_Tasks/blocktim.o
 .text.vSecondaryBlockTimeTestTask
                0x0000352c       0xd8 ./Source/Common_Demo_Tasks/blocktim.o
 .text.xAreBlockTimeTestTasksStillRunning
                0x00003604       0x64 ./Source/Common_Demo_Tasks/blocktim.o
                0x00003604                xAreBlockTimeTestTasksStillRunning
 .text.vStartCountingSemaphoreTasks
                0x00003668       0xc4 ./Source/Common_Demo_Tasks/countsem.o
                0x00003668                vStartCountingSemaphoreTasks
 .text.prvDecrementSemaphoreCount
                0x0000372c       0x7c ./Source/Common_Demo_Tasks/countsem.o
 .text.prvIncrementSemaphoreCount
                0x000037a8       0x7c ./Source/Common_Demo_Tasks/countsem.o
 .text.prvCountingSemaphoreTask
                0x00003824       0x64 ./Source/Common_Demo_Tasks/countsem.o
 .text.xAreCountingSemaphoreTasksStillRunning
                0x00003888       0x64 ./Source/Common_Demo_Tasks/countsem.o
                0x00003888                xAreCountingSemaphoreTasksStillRunning
 .text.vStartRecursiveMutexTasks
                0x000038ec       0xac ./Source/Common_Demo_Tasks/recmutex.o
                0x000038ec                vStartRecursiveMutexTasks
 .text.prvRecursiveMutexControllingTask
                0x00003998       0xc0 ./Source/Common_Demo_Tasks/recmutex.o
 .text.prvRecursiveMutexBlockingTask
                0x00003a58       0x98 ./Source/Common_Demo_Tasks/recmutex.o
 .text.prvRecursiveMutexPollingTask
                0x00003af0      0x108 ./Source/Common_Demo_Tasks/recmutex.o
 .text.xAreRecursiveMutexTasksStillRunning
                0x00003bf8       0x94 ./Source/Common_Demo_Tasks/recmutex.o
                0x00003bf8                xAreRecursiveMutexTasksStillRunning
 .text.NVIC_EnableIRQ
                0x00003c8c       0x2c ./Source/IntQueueTimer.o
 .text.NVIC_SetPriority
                0x00003cb8       0xdc ./Source/IntQueueTimer.o
 .text.vInitialiseTimerForIntQueueTest
                0x00003d94       0x8c ./Source/IntQueueTimer.o
                0x00003d94                vInitialiseTimerForIntQueueTest
 .text.TIMER16_0_IRQHandler
                0x00003e20       0x2c ./Source/IntQueueTimer.o
                0x00003e20                TIMER16_0_IRQHandler
 .text.TIMER16_1_IRQHandler
                0x00003e4c       0x2c ./Source/IntQueueTimer.o
                0x00003e4c                TIMER16_1_IRQHandler
 .text.vRegTest1Task
                0x00003e78       0x7c ./Source/RegTest.o
                0x00003e78                vRegTest1Task
 .text.vRegTest2Task
                0x00003ef4       0x7c ./Source/RegTest.o
                0x00003ef4                vRegTest2Task
 .text.pop_registers_from_fault_stack
                0x00003f70       0x26 ./Source/cr_startup_lpc11.o
                0x00003f70                pop_registers_from_fault_stack
 *fill*         0x00003f96        0x2 ff
 .text.main_full
                0x00003f98       0xac ./Source/main-full.o
                0x00003f98                main_full
 .text.prvCheckTimerCallback
                0x00004044       0xd0 ./Source/main-full.o
 .text.main     0x00004114       0x14 ./Source/main.o
                0x00004114                main
 .text.vMainToggleLED
                0x00004128       0x40 ./Source/main.o
                0x00004128                vMainToggleLED
 .text.prvSetupHardware
                0x00004168       0x68 ./Source/main.o
 .text.vApplicationMallocFailedHook
                0x000041d0        0x8 ./Source/main.o
                0x000041d0                vApplicationMallocFailedHook
 .text.vApplicationStackOverflowHook
                0x000041d8       0x10 ./Source/main.o
                0x000041d8                vApplicationStackOverflowHook
 .text.vApplicationTickHook
                0x000041e8       0x28 ./Source/main.o
                0x000041e8                vApplicationTickHook
 .text.SystemInit
                0x00004210       0x94 C:\Users\arek1\Documents\LPCXpresso_8.2.2_650\wp_1114_8x\CMSISv2p00_LPC11xx\Debug\libCMSISv2p00_LPC11xx.a(system_LPC11xx.o)
                0x00004210                SystemInit
 .text.memcpy   0x000042a4        0x8 c:/nxp/lpcxpresso_8.2.2_650/lpcxpresso/tools/bin/../lib/gcc/arm-none-eabi/5.4.1/../../../../arm-none-eabi/lib/armv6-m\libcr_c.a(memcpy.o)
                0x000042a4                memcpy
 .text.memset   0x000042ac        0x8 c:/nxp/lpcxpresso_8.2.2_650/lpcxpresso/tools/bin/../lib/gcc/arm-none-eabi/5.4.1/../../../../arm-none-eabi/lib/armv6-m\libcr_c.a(memset.o)
                0x000042ac                memset
 .text.__weak_main
                0x000042b4        0x8 c:/nxp/lpcxpresso_8.2.2_650/lpcxpresso/tools/bin/../lib/gcc/arm-none-eabi/5.4.1/../../../../arm-none-eabi/lib/armv6-m\libcr_c.a(__weak__main.o)
                0x000042b4                __weak_main
                0x000042b4                __main
 .text.memcmp   0x000042bc       0x3a c:/nxp/lpcxpresso_8.2.2_650/lpcxpresso/tools/bin/../lib/gcc/arm-none-eabi/5.4.1/../../../../arm-none-eabi/lib/armv6-m\libcr_c.a(memcmp.o)
                0x000042bc                memcmp
 .text.__aeabi_division_idivmod
                0x000042f6       0x78 c:/nxp/lpcxpresso_8.2.2_650/lpcxpresso/tools/bin/../lib/gcc/arm-none-eabi/5.4.1/armv6-m\libcr_eabihelpers.a(division_32.o)
                0x000042f6                __aeabi_idivmod
                0x000042f6                __aeabi_idiv
                0x000042fc                __aeabi_uidivmod
                0x000042fc                __aeabi_uidiv
 .text.__aeabi_division_idiv0
                0x0000436e        0x2 c:/nxp/lpcxpresso_8.2.2_650/lpcxpresso/tools/bin/../lib/gcc/arm-none-eabi/5.4.1/armv6-m\libcr_eabihelpers.a(division_idiv0.o)
                0x0000436e                __aeabi_idiv0
 .text.__aeabi_memcpy
                0x00004370       0x2c c:/nxp/lpcxpresso_8.2.2_650/lpcxpresso/tools/bin/../lib/gcc/arm-none-eabi/5.4.1/armv6-m\libcr_eabihelpers.a(memcpy.o)
                0x00004370                __aeabi_memcpy4
                0x00004370                __aeabi_memcpy8
                0x00004370                __aeabi_memcpy
 .text.__aeabi_memset_lowlevel
                0x0000439c       0x2a c:/nxp/lpcxpresso_8.2.2_650/lpcxpresso/tools/bin/../lib/gcc/arm-none-eabi/5.4.1/armv6-m\libcr_eabihelpers.a(memcpy.o)
                0x0000439c                __aeabi_lowlevel_memset
 *(.rodata .rodata.* .constdata .constdata.*)
 *fill*         0x000043c6        0x2 ff
 .rodata        0x000043c8        0x5 ./Source/FreeRTOS_Source/tasks.o
 *fill*         0x000043cd        0x3 ff
 .rodata        0x000043d0        0xd ./Source/FreeRTOS_Source/timers.o
 *fill*         0x000043dd        0x3 ff
 .rodata.prvProcessReceivedCommands
                0x000043e0       0x28 ./Source/FreeRTOS_Source/timers.o
 .rodata        0x00004408       0x4e ./Source/Common_Demo_Tasks/IntQueue.o
 *fill*         0x00004456        0x2 ff
 .rodata        0x00004458       0x23 ./Source/Common_Demo_Tasks/blocktim.o
 *fill*         0x0000447b        0x1 ff
 .rodata        0x0000447c       0x2d ./Source/Common_Demo_Tasks/countsem.o
 *fill*         0x000044a9        0x3 ff
 .rodata        0x000044ac       0x25 ./Source/Common_Demo_Tasks/recmutex.o
 *fill*         0x000044d1        0x3 ff
 .rodata        0x000044d4       0x1b ./Source/main-full.o
 *fill*         0x000044ef        0x1 ff
 .rodata.ucExpectedInterruptStackValues
                0x000044f0       0x10 ./Source/main.o
                0x000044f0                ucExpectedInterruptStackValues
                0x00004500                . = ALIGN (0x4)

.glue_7         0x00004500        0x0
 .glue_7        0x00004500        0x0 linker stubs

.glue_7t        0x00004500        0x0
 .glue_7t       0x00004500        0x0 linker stubs

.vfp11_veneer   0x00004500        0x0
 .vfp11_veneer  0x00004500        0x0 linker stubs

.v4_bx          0x00004500        0x0
 .v4_bx         0x00004500        0x0 linker stubs

.iplt           0x00004500        0x0
 .iplt          0x00004500        0x0 ./Source/FreeRTOS_Source/portable/MemMang/heap_1.o

.rel.dyn        0x00004500        0x0
 .rel.iplt      0x00004500        0x0 ./Source/FreeRTOS_Source/portable/MemMang/heap_1.o

.ARM.extab
 *(.ARM.extab* .gnu.linkonce.armextab.*)
                0x00004500                __exidx_start = .

.ARM.exidx
 *(.ARM.exidx* .gnu.linkonce.armexidx.*)
                0x00004500                __exidx_end = .
                0x00004500                _etext = .

.uninit_RESERVED
                0x10000000        0x0
 *(.bss.$RESERVED*)
                0x10000000                . = ALIGN (0x4)
                0x10000000                _end_uninit_RESERVED = .

.data           0x10000000        0xc load address 0x00004500
 FILL mask 0xff
                0x10000000                _data = .
 *(vtable)
 *(.ramfunc*)
 *(.data*)
 .data.uxCriticalNesting
                0x10000000        0x4 ./Source/FreeRTOS_Source/portable/GCC/ARM_CM0/port.o
 .data.xErrorStatus
                0x10000004        0x4 ./Source/Common_Demo_Tasks/IntQueue.o
 .data.SystemCoreClock
                0x10000008        0x4 C:\Users\arek1\Documents\LPCXpresso_8.2.2_650\wp_1114_8x\CMSISv2p00_LPC11xx\Debug\libCMSISv2p00_LPC11xx.a(system_LPC11xx.o)
                0x10000008                SystemCoreClock
                0x1000000c                . = ALIGN (0x4)
                0x1000000c                _edata = .

.igot.plt       0x1000000c        0x0 load address 0x0000450c
 .igot.plt      0x1000000c        0x0 ./Source/FreeRTOS_Source/portable/MemMang/heap_1.o

.bss            0x1000000c     0x1d50 load address 0x0000450c
                0x1000000c                _bss = .
 *(.bss*)
 .bss.ucHeap    0x1000000c     0x1964 ./Source/FreeRTOS_Source/portable/MemMang/heap_1.o
 .bss.xNextFreeByte
                0x10001970        0x4 ./Source/FreeRTOS_Source/portable/MemMang/heap_1.o
 .bss.pucAlignedHeap.4235
                0x10001974        0x4 ./Source/FreeRTOS_Source/portable/MemMang/heap_1.o
 .bss.pxCurrentTCB
                0x10001978        0x4 ./Source/FreeRTOS_Source/tasks.o
                0x10001978                pxCurrentTCB
 .bss.pxReadyTasksLists
                0x1000197c       0x64 ./Source/FreeRTOS_Source/tasks.o
 .bss.xDelayedTaskList1
                0x100019e0       0x14 ./Source/FreeRTOS_Source/tasks.o
 .bss.xDelayedTaskList2
                0x100019f4       0x14 ./Source/FreeRTOS_Source/tasks.o
 .bss.pxDelayedTaskList
                0x10001a08        0x4 ./Source/FreeRTOS_Source/tasks.o
 .bss.pxOverflowDelayedTaskList
                0x10001a0c        0x4 ./Source/FreeRTOS_Source/tasks.o
 .bss.xPendingReadyList
                0x10001a10       0x14 ./Source/FreeRTOS_Source/tasks.o
 .bss.xTasksWaitingTermination
                0x10001a24       0x14 ./Source/FreeRTOS_Source/tasks.o
 .bss.uxTasksDeleted
                0x10001a38        0x4 ./Source/FreeRTOS_Source/tasks.o
 .bss.xSuspendedTaskList
                0x10001a3c       0x14 ./Source/FreeRTOS_Source/tasks.o
 .bss.uxCurrentNumberOfTasks
                0x10001a50        0x4 ./Source/FreeRTOS_Source/tasks.o
 .bss.xTickCount
                0x10001a54        0x4 ./Source/FreeRTOS_Source/tasks.o
 .bss.uxTopReadyPriority
                0x10001a58        0x4 ./Source/FreeRTOS_Source/tasks.o
 .bss.xSchedulerRunning
                0x10001a5c        0x4 ./Source/FreeRTOS_Source/tasks.o
 .bss.uxPendedTicks
                0x10001a60        0x4 ./Source/FreeRTOS_Source/tasks.o
 .bss.xYieldPending
                0x10001a64        0x4 ./Source/FreeRTOS_Source/tasks.o
 .bss.xNumOfOverflows
                0x10001a68        0x4 ./Source/FreeRTOS_Source/tasks.o
 .bss.uxTaskNumber
                0x10001a6c        0x4 ./Source/FreeRTOS_Source/tasks.o
 .bss.xNextTaskUnblockTime
                0x10001a70        0x4 ./Source/FreeRTOS_Source/tasks.o
 .bss.uxSchedulerSuspended
                0x10001a74        0x4 ./Source/FreeRTOS_Source/tasks.o
 .bss.xActiveTimerList1
                0x10001a78       0x14 ./Source/FreeRTOS_Source/timers.o
 .bss.xActiveTimerList2
                0x10001a8c       0x14 ./Source/FreeRTOS_Source/timers.o
 .bss.pxCurrentTimerList
                0x10001aa0        0x4 ./Source/FreeRTOS_Source/timers.o
 .bss.pxOverflowTimerList
                0x10001aa4        0x4 ./Source/FreeRTOS_Source/timers.o
 .bss.xTimerQueue
                0x10001aa8        0x4 ./Source/FreeRTOS_Source/timers.o
 .bss.xLastTime.4493
                0x10001aac        0x4 ./Source/FreeRTOS_Source/timers.o
 .bss.xNormallyEmptyQueue
                0x10001ab0        0x4 ./Source/Common_Demo_Tasks/IntQueue.o
 .bss.xNormallyFullQueue
                0x10001ab4        0x4 ./Source/Common_Demo_Tasks/IntQueue.o
 .bss.uxHighPriorityLoops1
                0x10001ab8        0x4 ./Source/Common_Demo_Tasks/IntQueue.o
 .bss.uxHighPriorityLoops2
                0x10001abc        0x4 ./Source/Common_Demo_Tasks/IntQueue.o
 .bss.uxLowPriorityLoops1
                0x10001ac0        0x4 ./Source/Common_Demo_Tasks/IntQueue.o
 .bss.uxLowPriorityLoops2
                0x10001ac4        0x4 ./Source/Common_Demo_Tasks/IntQueue.o
 .bss.xErrorLine
                0x10001ac8        0x4 ./Source/Common_Demo_Tasks/IntQueue.o
 .bss.xWasSuspended
                0x10001acc        0x4 ./Source/Common_Demo_Tasks/IntQueue.o
 .bss.uxValueForNormallyEmptyQueue
                0x10001ad0        0x4 ./Source/Common_Demo_Tasks/IntQueue.o
 .bss.uxValueForNormallyFullQueue
                0x10001ad4        0x4 ./Source/Common_Demo_Tasks/IntQueue.o
 .bss.ucNormallyEmptyReceivedValues
                0x10001ad8       0xc8 ./Source/Common_Demo_Tasks/IntQueue.o
 .bss.ucNormallyFullReceivedValues
                0x10001ba0       0xc8 ./Source/Common_Demo_Tasks/IntQueue.o
 .bss.uxNextOperation.4431
                0x10001c68        0x4 ./Source/Common_Demo_Tasks/IntQueue.o
 .bss.uxNextOperation.4440
                0x10001c6c        0x4 ./Source/Common_Demo_Tasks/IntQueue.o
 .bss.uxLastHighPriorityLoops1.4449
                0x10001c70        0x4 ./Source/Common_Demo_Tasks/IntQueue.o
 .bss.uxLastHighPriorityLoops2.4450
                0x10001c74        0x4 ./Source/Common_Demo_Tasks/IntQueue.o
 .bss.uxLastLowPriorityLoops1.4451
                0x10001c78        0x4 ./Source/Common_Demo_Tasks/IntQueue.o
 .bss.uxLastLowPriorityLoops2.4452
                0x10001c7c        0x4 ./Source/Common_Demo_Tasks/IntQueue.o
 .bss.xTestQueue
                0x10001c80        0x4 ./Source/Common_Demo_Tasks/blocktim.o
 .bss.xSecondary
                0x10001c84        0x4 ./Source/Common_Demo_Tasks/blocktim.o
 .bss.xPrimaryCycles
                0x10001c88        0x4 ./Source/Common_Demo_Tasks/blocktim.o
 .bss.xSecondaryCycles
                0x10001c8c        0x4 ./Source/Common_Demo_Tasks/blocktim.o
 .bss.xErrorOccurred
                0x10001c90        0x4 ./Source/Common_Demo_Tasks/blocktim.o
 .bss.xRunIndicator
                0x10001c94        0x4 ./Source/Common_Demo_Tasks/blocktim.o
 .bss.xLastPrimaryCycleCount.4301
                0x10001c98        0x4 ./Source/Common_Demo_Tasks/blocktim.o
 .bss.xLastSecondaryCycleCount.4302
                0x10001c9c        0x4 ./Source/Common_Demo_Tasks/blocktim.o
 .bss.xErrorDetected
                0x10001ca0        0x4 ./Source/Common_Demo_Tasks/countsem.o
 .bss.xParameters
                0x10001ca4       0x18 ./Source/Common_Demo_Tasks/countsem.o
 .bss.uxLastCount0.4282
                0x10001cbc        0x4 ./Source/Common_Demo_Tasks/countsem.o
 .bss.uxLastCount1.4283
                0x10001cc0        0x4 ./Source/Common_Demo_Tasks/countsem.o
 .bss.xMutex    0x10001cc4        0x4 ./Source/Common_Demo_Tasks/recmutex.o
 .bss.xErrorOccurred
                0x10001cc8        0x4 ./Source/Common_Demo_Tasks/recmutex.o
 .bss.xControllingIsSuspended
                0x10001ccc        0x4 ./Source/Common_Demo_Tasks/recmutex.o
 .bss.xBlockingIsSuspended
                0x10001cd0        0x4 ./Source/Common_Demo_Tasks/recmutex.o
 .bss.uxControllingCycles
                0x10001cd4        0x4 ./Source/Common_Demo_Tasks/recmutex.o
 .bss.uxBlockingCycles
                0x10001cd8        0x4 ./Source/Common_Demo_Tasks/recmutex.o
 .bss.uxPollingCycles
                0x10001cdc        0x4 ./Source/Common_Demo_Tasks/recmutex.o
 .bss.xControllingTaskHandle
                0x10001ce0        0x4 ./Source/Common_Demo_Tasks/recmutex.o
 .bss.xBlockingTaskHandle
                0x10001ce4        0x4 ./Source/Common_Demo_Tasks/recmutex.o
 .bss.uxLastControllingCycles.4287
                0x10001ce8        0x4 ./Source/Common_Demo_Tasks/recmutex.o
 .bss.uxLastBlockingCycles.4288
                0x10001cec        0x4 ./Source/Common_Demo_Tasks/recmutex.o
 .bss.uxLastPollingCycles.4289
                0x10001cf0        0x4 ./Source/Common_Demo_Tasks/recmutex.o
 .bss.ulRegTest1LoopCounter
                0x10001cf4        0x4 ./Source/main-full.o
                0x10001cf4                ulRegTest1LoopCounter
 .bss.ulRegTest2LoopCounter
                0x10001cf8        0x4 ./Source/main-full.o
                0x10001cf8                ulRegTest2LoopCounter
 .bss.ulLastRegTest1Value.4831
                0x10001cfc        0x4 ./Source/main-full.o
 .bss.ulLastRegTest2Value.4832
                0x10001d00        0x4 ./Source/main-full.o
 .bss.lChangedTimerPeriodAlready.4830
                0x10001d04        0x4 ./Source/main-full.o
 .bss.ulLEDState.4730
                0x10001d08        0x4 ./Source/main.o
 *(COMMON)
 COMMON         0x10001d0c       0x40 ./Source/FreeRTOS_Source/queue.o
                0x10001d0c                xQueueRegistry
 COMMON         0x10001d4c       0x10 ./Source/Common_Demo_Tasks/IntQueue.o
                0x10001d4c                xHighPriorityNormallyEmptyTask2
                0x10001d50                xHighPriorityNormallyFullTask1
                0x10001d54                xHighPriorityNormallyEmptyTask1
                0x10001d58                xHighPriorityNormallyFullTask2
                0x10001d5c                . = ALIGN (0x4)
                0x10001d5c                _ebss = .
                [!provide]                PROVIDE (end, .)

.noinit         0x10001d5c        0x0 load address 0x0000450c
                0x10001d5c                _noinit = .
 *(.noinit*)
                0x10001d5c                . = ALIGN (0x4)
                0x10001d5c                _end_noinit = .
                0x10001d5c                PROVIDE (_pvHeapStart, DEFINED (__user_heap_base)?__user_heap_base:.)
                0x10002000                PROVIDE (_vStackTop, DEFINED (__user_stack_top)?__user_stack_top:(__top_RamLoc8 - 0x0))
                [!provide]                PROVIDE (__valid_user_code_checksum, (0x0 - (((_vStackTop + (ResetISR + 0x1)) + (DEFINED (NMI_Handler)?NMI_Handler:M0_NMI_Handler + 0x1)) + (DEFINED (HardFault_Handler)?HardFault_Handler:M0_HardFault_Handler + 0x1))))
OUTPUT(RTOSDemo.axf elf32-littlearm)

.debug_info     0x00000000     0x559d
 .debug_info    0x00000000      0x182 ./Source/FreeRTOS_Source/portable/MemMang/heap_1.o
 .debug_info    0x00000182      0x252 ./Source/FreeRTOS_Source/portable/GCC/ARM_CM0/port.o
 .debug_info    0x000003d4      0x28f ./Source/FreeRTOS_Source/list.o
 .debug_info    0x00000663      0xc2f ./Source/FreeRTOS_Source/queue.o
 .debug_info    0x00001292     0x1602 ./Source/FreeRTOS_Source/tasks.o
 .debug_info    0x00002894      0x82e ./Source/FreeRTOS_Source/timers.o
 .debug_info    0x000030c2      0x65a ./Source/Common_Demo_Tasks/IntQueue.o
 .debug_info    0x0000371c      0x260 ./Source/Common_Demo_Tasks/blocktim.o
 .debug_info    0x0000397c      0x262 ./Source/Common_Demo_Tasks/countsem.o
 .debug_info    0x00003bde      0x299 ./Source/Common_Demo_Tasks/recmutex.o
 .debug_info    0x00003e77      0x7bd ./Source/IntQueueTimer.o
 .debug_info    0x00004634       0x4c ./Source/RegTest.o
 .debug_info    0x00004680      0x327 ./Source/cr_startup_lpc11.o
 .debug_info    0x000049a7      0x18c ./Source/main-full.o
 .debug_info    0x00004b33      0x63e ./Source/main.o
 .debug_info    0x00005171      0x42c C:\Users\arek1\Documents\LPCXpresso_8.2.2_650\wp_1114_8x\CMSISv2p00_LPC11xx\Debug\libCMSISv2p00_LPC11xx.a(system_LPC11xx.o)

.debug_abbrev   0x00000000     0x1353
 .debug_abbrev  0x00000000      0x10b ./Source/FreeRTOS_Source/portable/MemMang/heap_1.o
 .debug_abbrev  0x0000010b      0x187 ./Source/FreeRTOS_Source/portable/GCC/ARM_CM0/port.o
 .debug_abbrev  0x00000292       0xc1 ./Source/FreeRTOS_Source/list.o
 .debug_abbrev  0x00000353      0x192 ./Source/FreeRTOS_Source/queue.o
 .debug_abbrev  0x000004e5      0x22b ./Source/FreeRTOS_Source/tasks.o
 .debug_abbrev  0x00000710      0x1a5 ./Source/FreeRTOS_Source/timers.o
 .debug_abbrev  0x000008b5      0x137 ./Source/Common_Demo_Tasks/IntQueue.o
 .debug_abbrev  0x000009ec       0xe8 ./Source/Common_Demo_Tasks/blocktim.o
 .debug_abbrev  0x00000ad4      0x109 ./Source/Common_Demo_Tasks/countsem.o
 .debug_abbrev  0x00000bdd      0x10f ./Source/Common_Demo_Tasks/recmutex.o
 .debug_abbrev  0x00000cec      0x15b ./Source/IntQueueTimer.o
 .debug_abbrev  0x00000e47       0x2f ./Source/RegTest.o
 .debug_abbrev  0x00000e76      0x144 ./Source/cr_startup_lpc11.o
 .debug_abbrev  0x00000fba       0xb0 ./Source/main-full.o
 .debug_abbrev  0x0000106a      0x1e3 ./Source/main.o
 .debug_abbrev  0x0000124d      0x106 C:\Users\arek1\Documents\LPCXpresso_8.2.2_650\wp_1114_8x\CMSISv2p00_LPC11xx\Debug\libCMSISv2p00_LPC11xx.a(system_LPC11xx.o)

.debug_aranges  0x00000000      0x700
 .debug_aranges
                0x00000000       0x38 ./Source/FreeRTOS_Source/portable/MemMang/heap_1.o
 .debug_aranges
                0x00000038       0x88 ./Source/FreeRTOS_Source/portable/GCC/ARM_CM0/port.o
 .debug_aranges
                0x000000c0       0x40 ./Source/FreeRTOS_Source/list.o
 .debug_aranges
                0x00000100      0x100 ./Source/FreeRTOS_Source/queue.o
 .debug_aranges
                0x00000200      0x1c8 ./Source/FreeRTOS_Source/tasks.o
 .debug_aranges
                0x000003c8       0x98 ./Source/FreeRTOS_Source/timers.o
 .debug_aranges
                0x00000460       0x78 ./Source/Common_Demo_Tasks/IntQueue.o
 .debug_aranges
                0x000004d8       0x38 ./Source/Common_Demo_Tasks/blocktim.o
 .debug_aranges
                0x00000510       0x40 ./Source/Common_Demo_Tasks/countsem.o
 .debug_aranges
                0x00000550       0x40 ./Source/Common_Demo_Tasks/recmutex.o
 .debug_aranges
                0x00000590       0x40 ./Source/IntQueueTimer.o
 .debug_aranges
                0x000005d0       0x28 ./Source/RegTest.o
 .debug_aranges
                0x000005f8       0x68 ./Source/cr_startup_lpc11.o
 .debug_aranges
                0x00000660       0x28 ./Source/main-full.o
 .debug_aranges
                0x00000688       0x50 ./Source/main.o
 .debug_aranges
                0x000006d8       0x28 C:\Users\arek1\Documents\LPCXpresso_8.2.2_650\wp_1114_8x\CMSISv2p00_LPC11xx\Debug\libCMSISv2p00_LPC11xx.a(system_LPC11xx.o)

.debug_ranges   0x00000000      0x600
 .debug_ranges  0x00000000       0x28 ./Source/FreeRTOS_Source/portable/MemMang/heap_1.o
 .debug_ranges  0x00000028       0x78 ./Source/FreeRTOS_Source/portable/GCC/ARM_CM0/port.o
 .debug_ranges  0x000000a0       0x30 ./Source/FreeRTOS_Source/list.o
 .debug_ranges  0x000000d0       0xf0 ./Source/FreeRTOS_Source/queue.o
 .debug_ranges  0x000001c0      0x1b8 ./Source/FreeRTOS_Source/tasks.o
 .debug_ranges  0x00000378       0x88 ./Source/FreeRTOS_Source/timers.o
 .debug_ranges  0x00000400       0x68 ./Source/Common_Demo_Tasks/IntQueue.o
 .debug_ranges  0x00000468       0x28 ./Source/Common_Demo_Tasks/blocktim.o
 .debug_ranges  0x00000490       0x30 ./Source/Common_Demo_Tasks/countsem.o
 .debug_ranges  0x000004c0       0x30 ./Source/Common_Demo_Tasks/recmutex.o
 .debug_ranges  0x000004f0       0x30 ./Source/IntQueueTimer.o
 .debug_ranges  0x00000520       0x18 ./Source/RegTest.o
 .debug_ranges  0x00000538       0x58 ./Source/cr_startup_lpc11.o
 .debug_ranges  0x00000590       0x18 ./Source/main-full.o
 .debug_ranges  0x000005a8       0x40 ./Source/main.o
 .debug_ranges  0x000005e8       0x18 C:\Users\arek1\Documents\LPCXpresso_8.2.2_650\wp_1114_8x\CMSISv2p00_LPC11xx\Debug\libCMSISv2p00_LPC11xx.a(system_LPC11xx.o)

.debug_macro    0x00000000     0x3e87
 .debug_macro   0x00000000       0xda ./Source/FreeRTOS_Source/portable/MemMang/heap_1.o
 .debug_macro   0x000000da      0x838 ./Source/FreeRTOS_Source/portable/MemMang/heap_1.o
 .debug_macro   0x00000912       0x10 ./Source/FreeRTOS_Source/portable/MemMang/heap_1.o
 .debug_macro   0x00000922      0x12d ./Source/FreeRTOS_Source/portable/MemMang/heap_1.o
 .debug_macro   0x00000a4f       0x28 ./Source/FreeRTOS_Source/portable/MemMang/heap_1.o
 .debug_macro   0x00000a77      0x5b2 ./Source/FreeRTOS_Source/portable/MemMang/heap_1.o
 .debug_macro   0x00001029       0xfa ./Source/FreeRTOS_Source/portable/MemMang/heap_1.o
 .debug_macro   0x00001123      0x15d ./Source/FreeRTOS_Source/portable/MemMang/heap_1.o
 .debug_macro   0x00001280       0xaf ./Source/FreeRTOS_Source/portable/MemMang/heap_1.o
 .debug_macro   0x0000132f       0x10 ./Source/FreeRTOS_Source/portable/MemMang/heap_1.o
 .debug_macro   0x0000133f       0x1f ./Source/FreeRTOS_Source/portable/MemMang/heap_1.o
 .debug_macro   0x0000135e      0x3d1 ./Source/FreeRTOS_Source/portable/MemMang/heap_1.o
 .debug_macro   0x0000172f       0xc0 ./Source/FreeRTOS_Source/portable/MemMang/heap_1.o
 .debug_macro   0x000017ef       0x9a ./Source/FreeRTOS_Source/portable/MemMang/heap_1.o
 .debug_macro   0x00001889      0x102 ./Source/FreeRTOS_Source/portable/GCC/ARM_CM0/port.o
 .debug_macro   0x0000198b       0x16 ./Source/FreeRTOS_Source/portable/GCC/ARM_CM0/port.o
 .debug_macro   0x000019a1       0xb9 ./Source/FreeRTOS_Source/list.o
 .debug_macro   0x00001a5a      0x122 ./Source/FreeRTOS_Source/queue.o
 .debug_macro   0x00001b7c       0xb0 ./Source/FreeRTOS_Source/queue.o
 .debug_macro   0x00001c2c      0x165 ./Source/FreeRTOS_Source/tasks.o
 .debug_macro   0x00001d91       0x91 ./Source/FreeRTOS_Source/tasks.o
 .debug_macro   0x00001e22       0x10 ./Source/FreeRTOS_Source/tasks.o
 .debug_macro   0x00001e32       0xf6 ./Source/FreeRTOS_Source/timers.o
 .debug_macro   0x00001f28      0x154 ./Source/Common_Demo_Tasks/IntQueue.o
 .debug_macro   0x0000207c       0x10 ./Source/Common_Demo_Tasks/IntQueue.o
 .debug_macro   0x0000208c       0xfd ./Source/Common_Demo_Tasks/blocktim.o
 .debug_macro   0x00002189       0xf4 ./Source/Common_Demo_Tasks/countsem.o
 .debug_macro   0x0000227d       0x7f ./Source/Common_Demo_Tasks/countsem.o
 .debug_macro   0x000022fc      0x101 ./Source/Common_Demo_Tasks/recmutex.o
 .debug_macro   0x000023fd      0x11a ./Source/IntQueueTimer.o
 .debug_macro   0x00002517       0x1c ./Source/IntQueueTimer.o
 .debug_macro   0x00002533       0x2e ./Source/IntQueueTimer.o
 .debug_macro   0x00002561      0x237 ./Source/IntQueueTimer.o
 .debug_macro   0x00002798      0x131 ./Source/IntQueueTimer.o
 .debug_macro   0x000028c9       0x11 ./Source/RegTest.o
 .debug_macro   0x000028da       0x52 ./Source/cr_startup_lpc11.o
 .debug_macro   0x0000292c      0x83e ./Source/cr_startup_lpc11.o
 .debug_macro   0x0000316a      0x149 ./Source/main-full.o
 .debug_macro   0x000032b3      0x114 ./Source/main.o
 .debug_macro   0x000033c7      0x13b C:\Users\arek1\Documents\LPCXpresso_8.2.2_650\wp_1114_8x\CMSISv2p00_LPC11xx\Debug\libCMSISv2p00_LPC11xx.a(system_LPC11xx.o)
 .debug_macro   0x00003502      0x838 C:\Users\arek1\Documents\LPCXpresso_8.2.2_650\wp_1114_8x\CMSISv2p00_LPC11xx\Debug\libCMSISv2p00_LPC11xx.a(system_LPC11xx.o)
 .debug_macro   0x00003d3a       0x1c C:\Users\arek1\Documents\LPCXpresso_8.2.2_650\wp_1114_8x\CMSISv2p00_LPC11xx\Debug\libCMSISv2p00_LPC11xx.a(system_LPC11xx.o)
 .debug_macro   0x00003d56      0x131 C:\Users\arek1\Documents\LPCXpresso_8.2.2_650\wp_1114_8x\CMSISv2p00_LPC11xx\Debug\libCMSISv2p00_LPC11xx.a(system_LPC11xx.o)

.debug_line     0x00000000     0x48fb
 .debug_line    0x00000000      0x336 ./Source/FreeRTOS_Source/portable/MemMang/heap_1.o
 .debug_line    0x00000336      0x3fe ./Source/FreeRTOS_Source/portable/GCC/ARM_CM0/port.o
 .debug_line    0x00000734      0x33a ./Source/FreeRTOS_Source/list.o
 .debug_line    0x00000a6e      0x8c7 ./Source/FreeRTOS_Source/queue.o
 .debug_line    0x00001335      0xd93 ./Source/FreeRTOS_Source/tasks.o
 .debug_line    0x000020c8      0x518 ./Source/FreeRTOS_Source/timers.o
 .debug_line    0x000025e0      0x5f0 ./Source/Common_Demo_Tasks/IntQueue.o
 .debug_line    0x00002bd0      0x44f ./Source/Common_Demo_Tasks/blocktim.o
 .debug_line    0x0000301f      0x3fd ./Source/Common_Demo_Tasks/countsem.o
 .debug_line    0x0000341c      0x455 ./Source/Common_Demo_Tasks/recmutex.o
 .debug_line    0x00003871      0x455 ./Source/IntQueueTimer.o
 .debug_line    0x00003cc6       0x62 ./Source/RegTest.o
 .debug_line    0x00003d28      0x1d8 ./Source/cr_startup_lpc11.o
 .debug_line    0x00003f00      0x445 ./Source/main-full.o
 .debug_line    0x00004345      0x3f6 ./Source/main.o
 .debug_line    0x0000473b      0x1c0 C:\Users\arek1\Documents\LPCXpresso_8.2.2_650\wp_1114_8x\CMSISv2p00_LPC11xx\Debug\libCMSISv2p00_LPC11xx.a(system_LPC11xx.o)

.debug_str      0x00000000     0xe2cb
 .debug_str     0x00000000     0x7085 ./Source/FreeRTOS_Source/portable/MemMang/heap_1.o
                               0x711e (size before relaxing)
 .debug_str     0x00007085      0x3c0 ./Source/FreeRTOS_Source/portable/GCC/ARM_CM0/port.o
                               0x7368 (size before relaxing)
 .debug_str     0x00007445      0x137 ./Source/FreeRTOS_Source/list.o
                               0x69a6 (size before relaxing)
 .debug_str     0x0000757c     0x1141 ./Source/FreeRTOS_Source/queue.o
                               0x826c (size before relaxing)
 .debug_str     0x000086bd     0x199b ./Source/FreeRTOS_Source/tasks.o
                               0x8bc0 (size before relaxing)
 .debug_str     0x0000a058      0x3c4 ./Source/FreeRTOS_Source/timers.o
                               0x86f7 (size before relaxing)
 .debug_str     0x0000a41c      0xb3e ./Source/Common_Demo_Tasks/IntQueue.o
                               0x855d (size before relaxing)
 .debug_str     0x0000af5a      0x2b3 ./Source/Common_Demo_Tasks/blocktim.o
                               0x7c6e (size before relaxing)
 .debug_str     0x0000b20d      0x980 ./Source/Common_Demo_Tasks/countsem.o
                               0x8340 (size before relaxing)
 .debug_str     0x0000bb8d      0x2d5 ./Source/Common_Demo_Tasks/recmutex.o
                               0x8472 (size before relaxing)
 .debug_str     0x0000be62     0x1af2 ./Source/IntQueueTimer.o
                               0x8a71 (size before relaxing)
 .debug_str     0x0000d954       0x30 ./Source/RegTest.o
                               0x23a4 (size before relaxing)
 .debug_str     0x0000d984      0x2bc ./Source/cr_startup_lpc11.o
                               0x3d20 (size before relaxing)
 .debug_str     0x0000dc40      0x160 ./Source/main-full.o
                               0x985a (size before relaxing)
 .debug_str     0x0000dda0      0x15e ./Source/main.o
                               0x8894 (size before relaxing)
 .debug_str     0x0000defe      0x3cd C:\Users\arek1\Documents\LPCXpresso_8.2.2_650\wp_1114_8x\CMSISv2p00_LPC11xx\Debug\libCMSISv2p00_LPC11xx.a(system_LPC11xx.o)
                               0x561d (size before relaxing)

.comment        0x00000000       0xdc
 .comment       0x00000000       0x6e ./Source/FreeRTOS_Source/portable/MemMang/heap_1.o
                                 0x6f (size before relaxing)
 .comment       0x0000006e       0x6f ./Source/FreeRTOS_Source/portable/GCC/ARM_CM0/port.o
 .comment       0x0000006e       0x6f ./Source/FreeRTOS_Source/list.o
 .comment       0x0000006e       0x6f ./Source/FreeRTOS_Source/queue.o
 .comment       0x0000006e       0x6f ./Source/FreeRTOS_Source/tasks.o
 .comment       0x0000006e       0x6f ./Source/FreeRTOS_Source/timers.o
 .comment       0x0000006e       0x6f ./Source/Common_Demo_Tasks/IntQueue.o
 .comment       0x0000006e       0x6f ./Source/Common_Demo_Tasks/blocktim.o
 .comment       0x0000006e       0x6f ./Source/Common_Demo_Tasks/countsem.o
 .comment       0x0000006e       0x6f ./Source/Common_Demo_Tasks/recmutex.o
 .comment       0x0000006e       0x6f ./Source/IntQueueTimer.o
 .comment       0x0000006e       0x6f ./Source/RegTest.o
 .comment       0x0000006e       0x6f ./Source/cr_startup_lpc11.o
 .comment       0x0000006e       0x6f ./Source/main-full.o
 .comment       0x0000006e       0x6f ./Source/main.o
 .comment       0x0000006e       0x6f C:\Users\arek1\Documents\LPCXpresso_8.2.2_650\wp_1114_8x\CMSISv2p00_LPC11xx\Debug\libCMSISv2p00_LPC11xx.a(system_LPC11xx.o)
 .comment       0x0000006e       0x6e c:/nxp/lpcxpresso_8.2.2_650/lpcxpresso/tools/bin/../lib/gcc/arm-none-eabi/5.4.1/../../../../arm-none-eabi/lib/armv6-m\libcr_c.a(memcpy.o)
                                 0x6f (size before relaxing)
 .comment       0x000000dc       0x6f c:/nxp/lpcxpresso_8.2.2_650/lpcxpresso/tools/bin/../lib/gcc/arm-none-eabi/5.4.1/../../../../arm-none-eabi/lib/armv6-m\libcr_c.a(memset.o)
 .comment       0x000000dc       0x6f c:/nxp/lpcxpresso_8.2.2_650/lpcxpresso/tools/bin/../lib/gcc/arm-none-eabi/5.4.1/../../../../arm-none-eabi/lib/armv6-m\libcr_c.a(__weak__main.o)
 .comment       0x000000dc       0x6f c:/nxp/lpcxpresso_8.2.2_650/lpcxpresso/tools/bin/../lib/gcc/arm-none-eabi/5.4.1/../../../../arm-none-eabi/lib/armv6-m\libcr_c.a(memcmp.o)

.ARM.attributes
                0x00000000       0x2f
 .ARM.attributes
                0x00000000       0x31 ./Source/FreeRTOS_Source/portable/MemMang/heap_1.o
 .ARM.attributes
                0x00000031       0x31 ./Source/FreeRTOS_Source/portable/GCC/ARM_CM0/port.o
 .ARM.attributes
                0x00000062       0x31 ./Source/FreeRTOS_Source/list.o
 .ARM.attributes
                0x00000093       0x31 ./Source/FreeRTOS_Source/queue.o
 .ARM.attributes
                0x000000c4       0x31 ./Source/FreeRTOS_Source/tasks.o
 .ARM.attributes
                0x000000f5       0x31 ./Source/FreeRTOS_Source/timers.o
 .ARM.attributes
                0x00000126       0x31 ./Source/Common_Demo_Tasks/IntQueue.o
 .ARM.attributes
                0x00000157       0x31 ./Source/Common_Demo_Tasks/blocktim.o
 .ARM.attributes
                0x00000188       0x31 ./Source/Common_Demo_Tasks/countsem.o
 .ARM.attributes
                0x000001b9       0x31 ./Source/Common_Demo_Tasks/recmutex.o
 .ARM.attributes
                0x000001ea       0x31 ./Source/IntQueueTimer.o
 .ARM.attributes
                0x0000021b       0x31 ./Source/RegTest.o
 .ARM.attributes
                0x0000024c       0x31 ./Source/cr_startup_lpc11.o
 .ARM.attributes
                0x0000027d       0x31 ./Source/main-full.o
 .ARM.attributes
                0x000002ae       0x31 ./Source/main.o
 .ARM.attributes
                0x000002df       0x31 C:\Users\arek1\Documents\LPCXpresso_8.2.2_650\wp_1114_8x\CMSISv2p00_LPC11xx\Debug\libCMSISv2p00_LPC11xx.a(system_LPC11xx.o)
 .ARM.attributes
                0x00000310       0x31 c:/nxp/lpcxpresso_8.2.2_650/lpcxpresso/tools/bin/../lib/gcc/arm-none-eabi/5.4.1/../../../../arm-none-eabi/lib/armv6-m\libcr_c.a(memcpy.o)
 .ARM.attributes
                0x00000341       0x31 c:/nxp/lpcxpresso_8.2.2_650/lpcxpresso/tools/bin/../lib/gcc/arm-none-eabi/5.4.1/../../../../arm-none-eabi/lib/armv6-m\libcr_c.a(memset.o)
 .ARM.attributes
                0x00000372       0x31 c:/nxp/lpcxpresso_8.2.2_650/lpcxpresso/tools/bin/../lib/gcc/arm-none-eabi/5.4.1/../../../../arm-none-eabi/lib/armv6-m\libcr_c.a(__weak__main.o)
 .ARM.attributes
                0x000003a3       0x31 c:/nxp/lpcxpresso_8.2.2_650/lpcxpresso/tools/bin/../lib/gcc/arm-none-eabi/5.4.1/../../../../arm-none-eabi/lib/armv6-m\libcr_c.a(memcmp.o)
 .ARM.attributes
                0x000003d4       0x21 c:/nxp/lpcxpresso_8.2.2_650/lpcxpresso/tools/bin/../lib/gcc/arm-none-eabi/5.4.1/armv6-m\libcr_eabihelpers.a(division_32.o)
 .ARM.attributes
                0x000003f5       0x21 c:/nxp/lpcxpresso_8.2.2_650/lpcxpresso/tools/bin/../lib/gcc/arm-none-eabi/5.4.1/armv6-m\libcr_eabihelpers.a(division_idiv0.o)
 .ARM.attributes
                0x00000416       0x21 c:/nxp/lpcxpresso_8.2.2_650/lpcxpresso/tools/bin/../lib/gcc/arm-none-eabi/5.4.1/armv6-m\libcr_eabihelpers.a(memcpy.o)

.debug_frame    0x00000000     0x15ac
 .debug_frame   0x00000000       0x88 ./Source/FreeRTOS_Source/portable/MemMang/heap_1.o
 .debug_frame   0x00000088      0x174 ./Source/FreeRTOS_Source/portable/GCC/ARM_CM0/port.o
 .debug_frame   0x000001fc       0xb0 ./Source/FreeRTOS_Source/list.o
 .debug_frame   0x000002ac      0x3b0 ./Source/FreeRTOS_Source/queue.o
 .debug_frame   0x0000065c      0x6bc ./Source/FreeRTOS_Source/tasks.o
 .debug_frame   0x00000d18      0x20c ./Source/FreeRTOS_Source/timers.o
 .debug_frame   0x00000f24      0x18c ./Source/Common_Demo_Tasks/IntQueue.o
 .debug_frame   0x000010b0       0x90 ./Source/Common_Demo_Tasks/blocktim.o
 .debug_frame   0x00001140       0xb0 ./Source/Common_Demo_Tasks/countsem.o
 .debug_frame   0x000011f0       0xb0 ./Source/Common_Demo_Tasks/recmutex.o
 .debug_frame   0x000012a0       0xac ./Source/IntQueueTimer.o
 .debug_frame   0x0000134c       0x30 ./Source/RegTest.o
 .debug_frame   0x0000137c       0xc4 ./Source/cr_startup_lpc11.o
 .debug_frame   0x00001440       0x50 ./Source/main-full.o
 .debug_frame   0x00001490       0xdc ./Source/main.o
 .debug_frame   0x0000156c       0x40 C:\Users\arek1\Documents\LPCXpresso_8.2.2_650\wp_1114_8x\CMSISv2p00_LPC11xx\Debug\libCMSISv2p00_LPC11xx.a(system_LPC11xx.o)

.debug_loc      0x00000000      0x258
 .debug_loc     0x00000000      0x1d4 ./Source/cr_startup_lpc11.o
 .debug_loc     0x000001d4       0x84 C:\Users\arek1\Documents\LPCXpresso_8.2.2_650\wp_1114_8x\CMSISv2p00_LPC11xx\Debug\libCMSISv2p00_LPC11xx.a(system_LPC11xx.o)
